============================================================
Excel 物料汇总工具
处理时间：2026-09-08 22:28:50
============================================================

扫描目录：C:\Users\Winloud\Desktop\嘉盛清单 (1)
发现 Excel 文件：0 个

已有物料记录：249 条，最大序号：91

并行读取：8 线程


============================================================
处理完成
============================================================
Excel 文件总数：0
完全成功文件：0
存在异常文件：0
已移动异常文件：0
已移动已读取文件：0
原始物料条数：0
重复物料条数：0
本次新增物料条数：0

输出文件：C:\Users\Winloud\Desktop\嘉盛清单 (1)\03-嘉盛物料映射汇总表.xlsx
日志文件：C:\Users\Winloud\Desktop\嘉盛清单 (1)\02-处理日志.log